   Compiling cfg-if v1.0.4
   Compiling pin-project-lite v0.2.16
   Compiling libc v0.2.181
   Compiling itoa v1.0.17
   Compiling futures-core v0.3.31
   Compiling bytes v1.11.1
   Compiling futures-sink v0.3.31
   Compiling smallvec v1.15.1
   Compiling futures-channel v0.3.31
   Compiling pin-utils v0.1.0
   Compiling typenum v1.19.0
   Compiling memchr v2.8.0
   Compiling http v1.4.0
   Compiling log v0.4.29
   Compiling scopeguard v1.2.0
   Compiling lock_api v0.4.14
   Compiling generic-array v0.14.7
   Compiling parking_lot_core v0.9.12
   Compiling errno v0.3.14
   Compiling once_cell v1.21.3
   Compiling futures-io v0.3.31
   Compiling futures-task v0.3.31
   Compiling slab v0.4.12
   Compiling tracing-core v0.1.36
   Compiling futures-util v0.3.31
   Compiling parking_lot v0.12.5
   Compiling zerocopy v0.8.39
   Compiling signal-hook-registry v1.4.8
   Compiling serde_core v1.0.228
   Compiling socket2 v0.6.2
   Compiling getrandom v0.2.17
   Compiling mio v1.1.1
   Compiling tokio v1.49.0
   Compiling rand_core v0.6.4
   Compiling httparse v1.10.1
   Compiling crypto-common v0.1.7
   Compiling block-buffer v0.10.4
   Compiling http-body v1.0.1
   Compiling digest v0.10.7
   Compiling cpufeatures v0.2.17
   Compiling tower-service v0.3.3
   Compiling tracing v0.1.44
   Compiling sha1 v0.10.6
   Compiling thiserror v1.0.69
   Compiling tower-layer v0.3.3
   Compiling data-encoding v2.10.0
   Compiling sync_wrapper v1.0.2
   Compiling atomic-waker v1.1.2
   Compiling httpdate v1.0.3
   Compiling byteorder v1.5.0
   Compiling percent-encoding v2.3.2
   Compiling ppv-lite86 v0.2.21
   Compiling utf-8 v0.7.6
   Compiling form_urlencoded v1.2.2
   Compiling serde v1.0.228
   Compiling zmij v1.0.21
   Compiling rand_chacha v0.3.1
   Compiling rand v0.8.5
   Compiling http-body-util v0.1.3
   Compiling ryu v1.0.23
   Compiling lazy_static v1.5.0
   Compiling mime v0.3.17
   Compiling sharded-slab v0.1.7
   Compiling axum-core v0.4.5
   Compiling tungstenite v0.24.0
   Compiling serde_urlencoded v0.7.1
   Compiling serde_json v1.0.149
   Compiling hyper v1.8.1
   Compiling tokio-tungstenite v0.24.0
   Compiling hyper-util v0.1.20
   Compiling tower v0.5.3
   Compiling getrandom v0.3.4
   Compiling serde_path_to_error v0.1.20
   Compiling futures-executor v0.3.31
   Compiling tracing-log v0.2.0
   Compiling thread_local v1.1.9
   Compiling matchit v0.7.3
   Compiling nu-ansi-term v0.50.3
   Compiling base64 v0.22.1
   Compiling tracing-subscriber v0.3.22
   Compiling futures v0.3.31
   Compiling uuid v1.20.0
   Compiling axum v0.7.9
   Compiling backend v0.1.0 (/app/backend)
warning: struct `ChatMessage` is never constructed
  --> src/models.rs:32:12
   |
32 | pub struct ChatMessage {
   |            ^^^^^^^^^^^
   |
   = note: `#[warn(dead_code)]` (part of `#[warn(unused)]`) on by default

warning: `backend` (bin "backend") generated 1 warning
    Finished `dev` profile [unoptimized + debuginfo] target(s) in 20.64s
     Running `target/debug/backend`
listening on 127.0.0.1:3000
User connected: Alice (f3d33a7b-8280-474b-b3ff-412e51815d54)
User connected: Bob (654fb6e9-5f8f-4b76-86f4-be9b2b4bf3ea)
User f3d33a7b-8280-474b-b3ff-412e51815d54 added to queue. Queue size: 1
User 654fb6e9-5f8f-4b76-86f4-be9b2b4bf3ea added to queue. Queue size: 2
User disconnected: 654fb6e9-5f8f-4b76-86f4-be9b2b4bf3ea
User disconnected: f3d33a7b-8280-474b-b3ff-412e51815d54
User connected: Alice (d64e686f-3618-4942-907b-7db759f9ed4a)
User connected: Bob (2298c5d2-7c15-477c-bc54-1e917d8884ac)
User d64e686f-3618-4942-907b-7db759f9ed4a added to queue. Queue size: 1
User 2298c5d2-7c15-477c-bc54-1e917d8884ac added to queue. Queue size: 2
User disconnected: 2298c5d2-7c15-477c-bc54-1e917d8884ac
User disconnected: d64e686f-3618-4942-907b-7db759f9ed4a
